// Jest Snapshot v1, https://goo.gl/fbAQLP

exports[`it matches snapshot 1`] = `
<styled.div>
  <styled.textarea
    innerRef={[Function]}
  />
</styled.div>
`;
